// Jest Snapshot v1, https://goo.gl/fbAQLP

exports[`<Nav /> matches snapshot with context passed correctly 1`] = `<Nav />`;
