// Jest Snapshot v1, https://goo.gl/fbAQLP

exports[`<Markdown /> matches snapshot with context passed correctly 1`] = `<Markdown />`;
